// Jest Snapshot v1, https://goo.gl/fbAQLP

exports[`should load 500 top posts from the Reddit API 1`] = `
Array [
  "GitHub acquires NPM",
  "I made a discord bot for current coronavirus cases around the world!",
  "I launched iHateRegex.io - A Regex cheatsheet for the haters",
  "If cops can watch us, we should watch them. I scraped court records to find dirty cops.",
  "I launched Bot Land, a game where you can code bots in JavaScript to battle other players",
  "Bootstrap 5 is dropping IE 10 &amp; 11 browser support",
  "All front end Interview questions asked during my recent job hunt.",
  "I created an Open Source Google Drive Clone - MyDrive (Node.js, React, Docker, Amazon S3)",
  "Built this website with Javascript that lets you spend Jeff Bezos' money on expensive items like sports cars and mansions. (You can end world hunger)",
  "I've created an educational page to teach students the structure of a URL",
  "NPM Bans Terminal Ads - a reaction to recent 'funding' experiment",
  "Bootstrap 5 alpha is officially released removing jQuery and going all in with vanilla JS",
  "I created a browser extension that puts masks on faces on the internet for a safer browsing experience in times of the corona virus",
  "Puppeteer Recorder - a Chrome extension that records your browser interactions and generates a Puppeteer script",
  "50+ JavaScript quiz questions with great explanations to help study up for interviews",
  "Deno 1.0 released!",
  "Popular JavaScript library starts showing ads in its terminal - Standard, a JavaScript style guide, linter, and automatic code fixer, has implemented what appears to be the first advertising system for JavaScript libraries",
  "Eloquent JavaScript, 3rd Edition. Full text available online.",
  "I have build and open sourced an automated irrigation system based on Node.js and React",
  "After they gave 100k scholarships to students, Codecademy is now giving away their pro membership to anyone whose work is affected due to the pandemic! Also, I had started learning JS from Codecademy about a month ago when they were giving student scholarship, and it's going pretty good!",
  "Interview with a pornhub developer",
  "I trained a recurrent neural network in JavaScript trained to draw dick doodles",
  "Super Expressive - a Zero-dependency JavaScript Library For Building Regular Expressions in (Almost) Natural Language",
  "I made a WebApp to share files instantly, fully anonymously and direct ☕",
  "A Few Months Ago I Started a Youtube Channel Building Low Level Systems in JavaScript. This Is Episode 1 Of The \\"16-Bit Virtual Machine\\" Series",
  "AudioMass – a full-featured audio editor in 65kb of vanilla JavaScript",
  "An open sourced, free, fast and beautiful alternative to Postman",
  "[AskJS] I want to create a YouTube channel showing the nitty-gritty of programming and maintaining a web-app for 10+ years (scale: 40k monthly uniques, $20k/monthly). What topics are of interest to r/javascript?",
  "V8 Release v8.0 with optional chaining, nullish coalescing and 40% less memory use",
  "Developer Handbook 2020 - was created to cover the most common technical questions and requirements appearing prior to job interviews, during onboarding or personal goals / career planning at our company Apptension.",
  "How I made my CV, based on Age of Empires game with Javascript",
  "How I became a senior javascript developer with personal projects",
  "I wasn't satisfied with existing social share buttons so I made my own — they look nice and don't track you",
  "Understand JavaScript’s Generators in 3 minutes",
  "A virtual 1991 Macintosh, written in JavaScript",
  "Deno 1.0 will be released on May 13",
  "I'm making a series about building a 16-bit Virtual Machine in JavaScript from scratch. This episodes all about taking an assembly AST and generating machine code",
  "Angular 10 officially released and drops support for IE 9, 10 &amp; Mobile",
  "Optional chaining has landed on TypeScript master branch",
  "Exploiting Tinder to get paid features for free",
  "Introducing Yarn 2",
  "tsParticles - What particles.js could be if it wasn't abandoned years ago",
  "Research shows that global demand for JavaScript is outpacing student expertise",
  "Retro nostalgia &amp; why my new website looks like Window 9x",
  "A tiny isometric city builder in JavaScript",
  "Quick read on how target=_blank is unsafe and the secure alternative",
  "Node.js v14 released",
  "[AskJS] Can we stop treating ES2015 features as new yet?",
  "Hello, everyone. I have spent sometime learning javascript and I am kind of learning by sharing guy so I have summarised all the new feature of JavaScript since ES6 - ES11. I hope you find it useful.",
  "Modern JavaScript Cheatsheet",
  "I’m making a series about building a full-stack app from scratch in TypeScript using Node.js, Vue.js &amp; PostgreSQL. My goal is to show the full development cycle: connecting front-end with back-end, deploying, etc.",
  "TIL about the command \`npm ci\`. It is similar to \`npm install\`, except it’s meant for automated environments. It is a clean install that can be faster than normal because it skips user-oriented features.",
  "Deno plans to use JavaScript in internal code instead of TypeScript going forward",
  "I made Bitmelo, a free tool that lets you build 8-bit games with Javascript",
  "CORS : Understanding Cross Origin Resource Sharing",
  "Favorite JavaScript utilities in a single line of code! No more!",
  "Announcing the new TypeScript Website",
  "Announcing TypeScript 4.0",
  "How I made a 3D game in only 2KB of JavaScript",
  "TIL — The power of JSON.stringify replacer parameter",
  "CesiumJS - an open source JavaScript library for creating world-class 3D globes and maps with the best possible performance, precision, visual quality, and ease of use",
  "The things I found annoy me maintaining an open-source library with 30M monthly npm downloads",
  "Stanford CS253: Web Security",
  "Indeed donates $10,000 to ESLint",
  "I ported the Microsoft Calculator (engine) to web, to run in browsers cross-platform, using WebAssembly. I wrote the UI layer myself using HTML-CSS and vanilla JavaScript while the engine layer is straight away port of original calculator written in cpp.",
  "The JavaScript Beginner's Handbook (2020 Edition)",
  "Website that reskins Reddit into Microsoft Teams (Good for work / school)",
  "Announcing TypeScript 3.7",
  "Modern JavaScript features you might have missed",
  "Webpack: A Gentle Introduction",
  "Chrome DevTools now supports style editing for CSS-in-JS frameworks (Chrome 85+)",
  "A collection of challenging TypeScript exercises",
  "microsoft/playwright: Node library to automate browsers (Puppeteer successor from the same team)",
  "Mini social network I made as my first project. (MERN stack)",
  "A full, summarized, interactive WebGL tutorial",
  "FatFinger - a JavaScript library expanding JS to allow typos and misspellings as valid code. Why bother with clean, well-formatted JS when you can write this and FatFinger will guess at your intentions?",
  "I've made a rotary dial to input numbers, because, why not?",
  "You don't need Moment.js",
  "Top-level \\"await\\" enables developers to use the \\"await\\" keyword outside of async functions.",
  "[2019 Edition] I created the exact same app in React and Vue. Here are the differences. Now with Hooks",
  "Twilio: Someone broke into our unsecured AWS S3 silo, added 'non-malicious' code to our JavaScript SDK",
  "Google feedback on TypeScript 3.5",
  "Introducing Rome: A linter for JavaScript and TypeScript.",
  "Moving beyond console.log() — 8 Console Methods for Debugging",
  "Optional chaining is implemented in V8",
  "5 Front-End Interview Coding Challenges",
  "Codedoc: Easily create beautiful and modern docs/wiki for your software projects",
  "Speed up your development with this new VS Code extension",
  "tsParticles - What particles.js could be if it wasn't abandoned years ago",
  "WebGL Fluid Simulation",
  "Comprehensive guide on the JavaScript tooling ecosystem by MDN.",
  "Learning Modern JavaScript with Tetris",
  "Puppeteer 3.0.0 now supports Firefox out of the box",
  "Chrome Extension That Automatically Skips YouTube Ads",
  "Web scraping with Javascript",
  "Announcing core Node.js support for ECMAScript modules",
  "Really impressive interactive JSON cli tool",
  "Debounce vs Throttle: Definitive Visual Guide",
  "🚀 Top-level await makes it possible to use the \`await\` keyword outside of async functions in JavaScript modules!",
  "Top Free Programming Books for Front-End Developers",
  "Infinite Missiles - a Missle Defender game in 13kb of JavaScript",
  "Listen to your web pages render with DOM Mutation Observer and Web Audio API",
  "Stack Overflow Developer Survey 2020: JS wins with 67.6%",
  "Crank.js - An alternative to React.js with built in support for promises and generator functions for state.",
  "Optional Chaining just achieved Stage 4 at TC39!",
  "When I first tried contributing to open source it was very difficult finding relevant issues that I would enjoy contributing to, In the spirit of open-source, I thought I should make this process a bit simpler for other people who might be facing this issue. So I made a website to do this.",
  "I built an interactive tool to visualize the spread of COVID-19 in the United States [D3/Vue]",
  "I've made a simple web app to extract text from images using Tesseract. No image upload needed, the whole thing runs locally on your device.",
  "Just JavaScript - an online course that could better prepare you to understand JavaScript by Dan Abramov",
  "Safari now supports webextensions APIs 😎",
  "Microsoft launches a Node-based browser automation project called Playwright",
  "15+ Docker best practices for Node.js",
  "Manage HTML DOM with vanilla JavaScript",
  "Are you making your website vulnerable or compromising the performance by adding target=\\"_blank\\"?",
  "What happens when you call console.log…",
  "create-react-app breaks due to dependency on one-liner package",
  "V2.0 of my fully online procedural terrain generator, Terrain Builder is out! Built in Javascript and React, it now features Real Time terrain generation on the GPU and a bunch of new features! Check it out if you liked my first post about the 1.0 release. Thanks :)",
  "Learn React by building your own version of the framework",
  "Silly idea I had for syntactic sugar for creating relative dates with Javascript - 1..day.ago",
  "AnimeJS is a great JavaScript animation library, check my tutorial on how to use it",
  "Yet Another Doom Clone (In 13kb of JavaScript)",
  "OAuth 2.0 implementation for various providers in one place.",
  "Get Involved: Open Source Healthcare Software",
  "Inertia.js - The Modern Monolith",
  "Any fans of JavaScript on hardware? I wanted to share an IoT device I made that tells me when my next bus will arrive",
  "Paged.js - a free and open source JavaScript library that paginates content in the browser to create PDF output from any HTML content. This means you can design works for print (eg. books) using HTML and CSS",
  "Ct.js — Visual game editor for Pixi.js",
  "Cypress now supports typescript for test files without using special preprocessors plugins",
  "Fixing memory leaks in web applications",
  "Embla Carousel – The most fluid carousel library with unmatched swipe precision",
  "I made a chess engine using only vanilla JS. Let me know what you think!",
  "I have been underestimating JS",
  "I got frustrated with recipe websites, so I made one to practice React and extract recipes / ingredients.",
  "Authentication on the Client Side the Right Way: Cookies vs. Local Storage",
  "Electron joins the OpenJS Foundation",
  "Firefox Nightly added support for WebSocket debugging",
  "sort(\\"NODE\\") --&gt; DENO",
  "Tiny (1kb less) but very powerful React Google Map",
  "Docker Essentials for Javascript and Front End Developers",
  "TypeScript Exercises: Now interactive and solutions are included!",
  "Build Instagram Using TypeScript, Node, Express and Vue",
  "Simplify your JavaScript – Use .some() and .find()",
  "How an anti ad-blocker works: Reverse-engineering BlockAdBlock",
  "What is the Stack and why is it needed? (16-Bit VM in JavaScript 003)",
  "VSCode Cheatsheet for JS+React Developers",
  "Why coding your own makes you a better developer",
  "GPU.js: GPU Accelerated JavaScript",
  "The new Babel release gives support for ECMAscript 2020 features. We can now use the nullish operator, optional chaining and dynamic module import.",
  "Visual Studio Code October 2019",
  "I made an opensource bar chart race generator",
  "Superfine 8 — Absolute bare minimum view layer for building web interfaces.",
  "Announcing TypeScript 3.8",
  "Caniuse and MDN compatibility data collaboration",
  "I made another simple clock to visualize the 1440 precious minutes each of us has in a day",
  "7 Simple but Tricky JavaScript Interview Questions",
  "I fell into a hole setting up fetch mocking in Jest one too many times so I wrote this guide to save you time and frustration",
  "Rome: an experimental JavaScript toolchain from Facebook. It includes a compiler, linter, formatter, bundler, testing framework and more...",
  "JavaScript libraries are almost never updated once installed",
  "SVG is a telescope into another world",
  "The biggest JS conf in the cloud starts tomorrow. Free tickets are still available.",
  "Kite launches a free ai powered autocomplete for JavaScript",
  "I create a website to play Uno with your friends in the browser! Built with javascript and socket.io",
  "SweetAlert2 - a beautiful, responsive, highly customizable and accessible (WAI-ARIA) replacement for JavaScript's popup boxes (alert, prompt, dialog, toast, side panel, etc.)",
  "New \\"Redux Essentials\\" core docs tutorial is LIVE! Teaches how to use Redux the right way, using our latest recommended APIs and practices",
  "My quarantine project: Coverify - Create your own custom cover art for Spotify playlists.",
  "Common Javascript Promise mistakes every beginner should know and avoid",
  "jQuery is included on 85% of the top 5M websites",
  "Two exceptional use cases for the spread operator you may not know of",
  "Grid.js - Advanced Table Plugin. Grid.js is a Free and open-source HTML table plugin written in TypeScript. It works with most JavaScript frameworks, including React, Angular.js, Vue and VanillaJs",
  "ESLint v7.0.0 released",
  "Esbuild - An extremely fast JavaScript bundler and minifier",
  "DoppioJVM - a Java Virtual Machine written in 100% JavaScript",
  "CSS Dark Mode tutorial – adding selectable themes to your site or PWA with alternate style",
  "3 things I've learned in 5 years of JavaScript Software Development",
  "Functional Programming basics with JavaScript - my post but would appreciate feedback",
  "[Show reddit] Asynchronous JavaScript in four chapters: foundations, Promises, async functions, async iteration",
  "Draw needlessly complex diagrams in the console with cli-diagram",
  "To celebrate optional chaining making it to stage 4, I created this regex to find places you can use it in your codebase",
  "ES4, The Failed proposal the indirectly led to Node.js, ES6, TypeScript and Deno",
  "[AskJS] Has anyone used GraphQL for a large project and regretted it?",
  "3 Lessons Learnt After Taking 3 Years To Finish a 300 Hour Certification",
  "Visual Studio Code February 2020",
  "Along with replaceAll, Promise.any, WeakRefs, and Logical Assignment Operators are now at stage 4",
  "All the coolest React features collected in one places and explained. Job interview tips as bonus.",
  "Demo: Bot hiding from player in 3D space",
  "stegcloak: Hide secrets with invisible characters in plain text securely using passwords",
  "react-ultimate-resume is an open-source customizable software developer resume to highlight your skills and experiences (built with React and JSONResume)",
  "100 Days of Code for Frontend Development",
  "Regex Tutorial: Beginners Guide to Regular Expressions using JavaScript",
  "[AskJS] What coding nightmares have woken you up at night?",
  "A case for using \`void\` in modern JavaScript",
  "Visual Studio Code November 2019",
  "70+ challenging JavaScript quiz questions with explanation",
  "How To Build Simple Node.js Rest APIs with Express, Sequelize &amp; MySQL",
  "WTF is memoization?",
  "Virus spreading simulation tool made with plain/vanilla JavaScript (demo link and detailed description in the README)",
  "Firefox Replay - time-travel debugging",
  "GraphQL first full-stack starter kit with Node, React. Powered by TypeScript",
  "I this madness supposed to be all the things you need to know as a JavaScript Developer today?",
  "Chrome v83 enables JS module support for SharedWorkers → Starting a new era for multi Browser…",
  "Track Your Smartphone in 2D With JavaScript",
  "Dark Reader is now available as a JavaScript library",
  "Announcing TypeScript 3.9 Beta",
  "Learn D3: a guided intro",
  "The Must-Read Javascript Book of 2020 is Free",
  "Why is immutability so important (or needed) in JavaScript?",
  "Visual Studio Code January 2020",
  "Case study: Analyzing Notion app performance (or how to make a React app load 30% faster by tuning some configs)",
  "microsoft/fast : The adaptive interface system for modern web experiences.",
  "JS13K competition - create a game in 30 days with less than 13kB of JS, CSS, HTML, ETC",
  "An in depth explanation of Promise.all and comparison with Promise.allSettled",
  "Debounce Explained – How to Make Your JavaScript Wait For Your User To Finish Typing",
  "I rewrote my Web Extension (60k users) with clean-architecture, typescript, redux-observable",
  "Visual Studio Code May 2020",
  "Tesseract.js: Pure JavaScript OCR for 100 Languages",
  "A Resilience Library for JavaScript -- Retries, Circuit Breakers, Backoffs, + More",
  "New in Firefox 77: DevTool improvements and web platform updates",
  "The Deno Handbook: a concise introduction to Deno",
  "Chrome Extension that turns your \\"New Tab\\" into a note taking tool",
  "Spacekit - a JavaScript library for creating interactive 3D space visualizations, whether of the Earth/moon system, solar system, or beyond",
  "3 most common mistakes when using Promises in JavaScript",
  "Javascript &amp; CSS — Toggle dark/light theme based on your user's preferred scheme",
  "Remote Development With VS Code in Your Browser",
  "I made a new way to throw online parties - All in JavaScript",
  "What's new in ECMAScript 2020 | Strict Mode",
  "JavaScript doesn’t need to be replaced",
  "WebGL shooter demo (Mobile compatible)",
  "Uppy open source file uploader gains support for Facebook and OneDrive — in addition to Instagram, Google Drive, Dropbox, public urls and Camera.",
  "The unseen performance costs of modern CSS-in-JS libraries in React apps",
  "Standalone UUID generator in Javascript (no external dependencies, only 6 lines of code)",
  "My friend had a problem with scaling up his WebSocket servers. This is what he came up with",
  "MSW: Award-winning API mocking library that intercepts requests using Service Worker API",
  "TwilioQuest - Discover your power to change the world with code. Test you JavaScript skills with a downloadable game!",
  "Visual Studio Code April 2020",
  "Advanced Node.Js: A Hands on Guide to Event Loop, Child Process and Worker Threads in Node.Js",
  "I made a browser game in JavaScript in which you have to fight an epidemic as a mayor.",
  "Interviewing at Facebook — On-Site JavaScript Technical Interview Questions",
  "[AskJS] How are people these days (2019) making native mobile apps using JavaScript?",
  "Simpsons: Hit &amp; Run API - This is a library to automate the abandonware game Simpsons: Hit &amp; Run with JavaScript. It uses frida to access internal state, and exposes JavaScript classes that can be used to query and control the game",
  "A Real-World Comparison of Front-End Frameworks 2020",
  "I launched JS TL;DR app - zen mode documentation of the language essentials",
  "Google's Chrome Web Store under fire for shoddy service and cryptic policies",
  "How to *not* ditch your side project ever again",
  "I wrote a Super Mario Compiler in JavaScript",
  "Introducing Feathers 4: A framework for real-time apps and REST APIs",
  "New GitHub App automates resolving merge conflicts (JavaScript only)",
  "is-promise Post Mortem",
  "CoreJS (used by Babel, Angular) author posted a comment on their repo 16 days ago saying \\"after some days I'll be in prison\\", then stops committing to the repo 13 days ago - claims financial problems",
  "Today, the Trident Era Ends",
  "I recently started to work on a playground for regexes, it is worth going further?",
  "Storybook 5.2: Zero-config component docs have landed 🔥",
  "Here's a GitHub Action that would update README with the recent activity of a user",
  "ECMAScript 2020: the final feature set [show reddit]",
  "GitHub - ryanmcdermott/clean-code-javascript: Clean Code concepts adapted for JavaScript",
  "OkCupid Presents \\"Glow-Up: Bringing a Teenaged Website into the Modern World of SPA\\"",
  "DarkModeJS – move your website to the dark side",
  "A write up I did on how Javascript works on your browser",
  "Microsoft Paint/Paintbrush in Javascript",
  "Why npm lockfiles can be a security blindspot in Github PRs for injecting malicious modules",
  "Simple and tiny JavaScript library which adds parallax animations on any images",
  "New progressive APIs coming to Chromium browsers",
  "Cheat sheet for moving from jQuery to vanilla JavaScript",
  "Babel 7.9 can generate a significantly smaller preset-env output with the \\"bugfixes\\" option",
  "Apple AirPods Pro page uses a lot of images so I remade it with much smaller single video",
  "Aborting a signal: How to cancel an asynchronous task in JavaScript",
  "A lighter V8",
  "6 things I wished I knew about state management when I started writing React apps",
  "Hi everyone! I've created a small frontend library that lets you submit HTML forms as nested objects. This is my first ever attempt at writing a Javascript library, and I'd appreciate it if you guys gave me your thoughts",
  "You May Finally Use JSHint for Evil",
  "DarkMode: A micro library (~360B) for handling dark mode on browsers.",
  "Second-guessing the modern web",
  "Making Instagram.com faster",
  "OpenRPC: JSON-RPC now has an Interface Description to rival GraphQL and gRPC",
  "I made a babeljs plugin to automatically write unit tests. I hope many find this useful :D",
  "Custom JavaScript console formatters are being removed from Chrome",
  "WTF is a closure?",
  "\\"Logical assignment\\" operators (||= &amp;&amp;= ??=) proposal reaches stage 3",
  "Super simple kids game I created with HTML + JS last weekend. It's inspired by Stardew Valley and Monty Python and it's gaming reduced to it's essence (i.e. pushing buttons to gather points 😆)",
  "Finally V1.0 release of Terrain Builder - my fully browser based Procedural Terrain Generator with Hydraulic Erosion. Written entirely in JavaScript using Three.js. Looking for feedback/feature requests. :)",
  "I created an open source literate notebook system similar to Jupyter Notebook but for Javascript that runs entirely in the browser",
  "Should you learn VIM as a JavaScript Developer?",
  "30 Tips &amp; Tricks with DevTools",
  "\\"Under-the-hood of type systems (e.g. TypeScript)\\" - I look to shine a light on some of the fundamentals at work in a type system compiler.",
  "Space Invaders in the URL using Emojis and JavaScript",
  "CyberCode Online - I made a game designed to be played discreetly in office (proof of concept stage, what do you guys think?)",
  "parallax-effect - Parallax effect in javascript using webcam face tracking",
  "Chrome 79+ no longer shows preflight CORS requests",
  "A GraphQL-based Web App written with React, Go and MongoDB. Could serve as an example for those who are learning these technologies. The repo includes a detailed description on how to setup dev environmwnt and how to work with the project.",
  "[AskJS] Today I learned of the text/speech apis.",
  "You Don’t Know JS - Book Review",
  "ECMAscript 4: The missing version",
  "Writing an Emulator in JavaScript (and Interfacing with Multiple UIs)",
  "Lazyload images the browser way",
  "Understading JSON Web Token",
  "7 insights from the State of JS 2019",
  "Announcing Gatsby’s $15M Series A Funding Round",
  "Best Practices for Testing in JavaScript &amp; Node.js",
  "Announcing TypeScript 4.0 RC",
  "peaks.js - JavaScript UI component for interacting with audio waveforms",
  "Visual Studio Code August 2019",
  "A tiny (~400 B) &amp; modern library for keybindings",
  "A tiny progress bar that supports promise (1.2kb)",
  "Writing a Blockchain in Node.js",
  "Made a URL shortener using MongoDB and Express for fun!",
  "Josh.js - A JavaScript library to animate content on page scroll.",
  "jQuery 3.5.0 Released",
  "5 Mistakes Web Developers Should Avoid When using JWTs for Authentication",
  "The JavaScript Framework That Puts Web Pages on a Diet",
  "The Ultimate Guide to handling JWTs on frontend clients (GraphQL)",
  "Prettier 2.0 \\"2020\\" is out",
  "A GraphQL-based Web App written with JavaScript, React and Go",
  "How well do you know JavaScript Promises? Find out in 9 Questions",
  "typical: animated typing in ~400 bytes of JavaScript",
  "A website that lets users upload and draw their own fourier epicycles. A type of drawing which is created by taking the fourier transform of an image. It also gives a brief explanation of the mathematics connecting fourier series and revolving epicycles.",
  "Treact - A set of Free UI Templates &amp; Components (52 UI Components, 7 Landing Pages, 8 Inner Pages, Fully Responsive) for creating Beautiful Landing Pages easily using React",
  "I made a website, which compares the most popular Javascript frameworks in terms of Github development activities and is updated daily",
  "Rhubarb is released: A WebSocket library for multiplayer HTML5 games, relies on binary data and web workers",
  "Pika – The JavaScript package registry for the modern web",
  "Render React to Embedded LCD",
  "[Showoff Saturday] A JavaScript quiz app that you can use to improve your JS skills and contribute to!",
  "I never understood JavaScript closures",
  "Rust for JavaScript Developers - Pattern Matching and Enums",
  "I make my first Electron application that document your journey as Junior developer in a timelapse video which takes screenshots of my screen, merge them and add a soundtrack",
  "npm is moving back to its developer roots, founder says",
  "The next release of create-react-app will include experimental support for React Fast Refresh",
  "Hey r/javascript! We're a small team that just launched a new product called Autocode that lets you automatically generate Node.js API code for connecting apps together. Would love feedback! (x-post r/node)",
  "Using ESLint to improve your app’s performance",
  "How JWT works — the implementation",
  "heapify: the fastest priority queue implementation out there",
  "Getting Started with React (2019 Edition)",
  "Using Git to run ESLint on changed files in a feature branch",
  "Moveable Editor Tool 0.18 Release! Drag, Resize, Scale, Rotate, Clip, Group, Snap",
  "Math keeps changing",
  "TIL Photoshop supports .js / .jsx scripts helping you automate repetitive tasks",
  "Results of the Front-End Tooling Survey 2019",
  "I made a classic Minesweeper clone using Svelte, TypeScript and RxJS!",
  "Slack's now using the Electron Sandbox",
  "Fullstack JavaScript Microservice Web App in Minutes",
  "How many warnings should your JavaScript app have?",
  "[AskJS] I prefer Vanilla.JS to Typescript. Change my mind.",
  "Rock paper scissors game all assets have been created by me. Please feel free to fork or feedback",
  "Snowpack: Build web applications with less tooling and 10x faster iteration",
  "Thanks for the feedback so far. Early Access of The Art of Unit Testing, Third Edition (with Examples in JavaScript) is available and I'm excited.",
  "node-window-manager: Manage windows in Windows, macOS and Linux",
  "JavaScript Christmas is back – a new article every day until Christmas",
  "My first game written in javascript",
  "I'm making a video series building a 16-bit Virtual Machine. This episode is all about parsing nested expressions in the assembly language, and disambiguating the Order Of Operations",
  "Debug like a Pro in Chrome Dev Tools — How to use Rendering tab",
  "Node.js, Dependency Injection, Layered Architecture, and TDD: A Practical Example Part 1",
  "Want more from Particles.js? Try tsParticles for improvements and new features",
  "Goodbye, Clean Code",
  "Magic - A new passwordless authentication SDK with NodeJS support!",
  "Deno JavaScript Runtime for V8 Written in Rust",
  "Create, Read, Update, &amp; Delete Cookies in JavaScript",
  "8 New Features Shipping With ES2020",
  "Understanding client side routing by implementing a router in Vanilla JS",
  "Voidcall – the making of 13kb javascript real-time strategy game",
  "Announcing TypeScript 3.6",
  "A continuously-evolving compendium of javascript tips based on common areas of confusion or misunderstanding",
  "Robot, a 1kB library for finite state machines",
  "npm, Inc. Announces Leadership Change - CEO Bryan Bogensberger departing; Board of Directors opens a search for candidates",
  "An Update on MDN Web Docs",
  "A Simple Explanation of Event Delegation in JavaScript",
  "Transfer Files from Microsoft OneDrive to Google Cloud Storage",
  "10 security tips for frontend developers",
  "Optional chaining helps to avoid \\"undefined is not a function\\" exceptions",
  "Building your First Chrome Extension : IMDb Lookup",
  "The JavaScript framework for visual programming",
  "[AskJS] What are your must have React tools in 2020?",
  "[AskJS] Why are getters and setters so underused?",
  "Awesome list of finite state machines and statecharts content",
  "Making an Audio Waveform Visualizer with Vanilla JavaScript",
  "Modern end to end Testing with Cypress.io",
  "Welcome To OS13k – A Tiny Web Based OS and Game Engine",
  "A JavaScript implementation of the NEAT Algorithm 🧠",
  "I have made a simple Chrome Extension that prevents you from wasting your time on social media",
  "JavaScript: What’s new in ECMAScript 2019 (ES2019)/ES10?",
  "Visual Studio Code June 2020",
  "I made a small 2d raycasting simulation. Any feedback would be great.",
  "The future of web deployment without bundlers or compromises — ES Modules, NodeJS and HTTP/2 Push",
  "I made my website to look like Windows 95 using FOS, a open source framework.",
  "How to speed up Node.js modules installation in CI/CD Pipeline as of 2020",
  "RadialMenu.js - A highly customizable radial menu that's very easy to setup.",
  "The Rise and Rise of JSON",
  "I am building a open source mindmap editor",
  "Mastering Promise.allSettled in React",
  "Dark mode plugin for Next.js with auto mode and without page load glitch",
  "JavaScript Interview Questions: Common Gotchas",
  "I made this JS lib that creates a Word doc with Text/HTML markup, any feedback is appreciated.",
  "Watcher - all web development blogs in one place",
  "4 Methods to Search Through Arrays in JavaScript",
  "The Ultimate Guide to Drag and Drop Image Uploading with Pure Javascript",
  "Shared State with React Hooks and Context API",
  "Stryker — Test your tests with mutation testing in JavaScript",
  "A Long and Winding Road - 140 bytes of JavaScript",
  "AngularJS Migration War Story",
  "GLTFJSX 1.0 released, a tool that brings 3D content to the web as re-usable React components",
  "JavaScript tree shaking, like a pro",
  "Simple 2d car physics with JavaScript!",
  "How to Secure your Frontend JavaScript Code Against Vulnerabilities and Attacks",
  "Using the DOM like a Pro",
  "A database software completely built as JSON files in backend. A powerful, portable and simple database works on top of JSON files.",
  "The Algebraic Structure of Functions, illustrated using React components",
  "Common tasks of managing DOM with native APIs",
  "What goes into building a drag and drop component in 2019?",
  "Tetris in the URL",
  "[AskJS] Anyone have recommendations for open source JavaScript projects that are well written?",
  "A (Mostly) Complete Guide to React Rendering Behavior",
  "Bouncing balls simulation using plain JavaScript (demo link and detailed description in the README)",
  "Rough Notation - a small JavaScript library to create and animate annotations on a web page. Elements can be annotated in a number of different styles. Animation duration and delay can be configured, or just turned off",
  "Redux Toolkit v1.3.0 final: New \`createAsyncThunk\` and \`createEntityAdapter\` APIs, Immer 6.0, smaller bundle sizes!",
  "Vim for JavaScript and React in 2019 | Vim From Scratch",
  "App like native share for mobile websites with Web Share API",
  "Tired of online Kanban tools, I created this vscode ui to manage project tasks",
  "Guide To Javascript Array Functions: Why you should pick the least powerful tool for the job",
  "Whole page slider for creating simple swipe-able web pages",
  "Screeps - A Game About Programming AIs",
  "Improve Your JavaScript Knowledge By Reading Source Code — Smashing Magazine",
  "JavaScript &amp; TensorFlow Lite apps running on a hackable open source smartwatch called Bangle.js",
  "The JetBrains WebStorm team is here to answer your questions",
  "Build production grade API with Prisma and GraphQL",
  "Web Cache Deception Named Top Web Hacking Technique of 2019",
  "Vue.js + IPFS = VIPFS. Create permanent web apps that can never be taken offline in just 5 commands",
  "Structure and Interpretation of Computer Programs – JavaScript Adaptation",
  "Should you choose npm or yarn?",
  "How to successfully manage a large scale JavaScript monorepo aka megarepo",
  "Google removes anti-censorship chrome extension for custom minification techniques in external PAC-script",
  "[AskJS] Thoughts on package auditability?",
  "Multi-threaded Vue.js Server Renderer with Rust and QuickJS",
  "My lightning effect experiment with vanilla JS and canvas. Demo available in the readme file.",
  "Learning functional/declarative programming in JS beyond map, reduce, filter: I have created a github project where I will solve a simple programming problem each week in a declarative way. New solution added: Compare the triplets",
  "ES2020 - Promise.any",
  "Ember.js Octane Edition Is Here",
  "Quickly check if a website is running vulnerable JS libs straight from the terminal",
  "TypeScript Tutorial for Beginners: The Missing Guide",
  "What happens when the maintainer of a JS library downloaded 26m times a week goes to prison for killing someone with a motorcycle? Core-js just found out",
  "We’re killing the mobile web",
  "noiseToScroll - Scroll your page by making noise (whistle, finger snap...)",
  "Service Workers Explained - Introduction to the JavaScript API",
  "GraphQL in JavaScript: An Introduction",
  "[AskJS] Am I missing out on anything truly important by avoiding classes entirely?",
  "Don't touch my clipboard",
  "DeriveJS is a database framework (an ODM) that lets you work with native Javascript objects, while automatically persisting, updating and syncing them to a (Mongo) DB with no hassle, without the need to explicitly call methods such as .save(). It leverages mongoDB's bulk operations, for performance.",
  "I made a website with react.js and firebase as backend that syncs up media in a party. Anyone can create a party an join with friends, add a queue, etc. Github source in comments",
  "Exciting new features in Vue 3",
  "roughViz.js - Make sketchy, hand-drawn styled SVG charts in the browser.",
  "The Differing Perspectives on CSS-in-JS",
  "How to run a proxy server inside your browser",
  "FAQ: \`private\` vs. \`#\` in TypeScript",
  "ESLint configuration and best practices",
  "Introducing React View, an Interactive Playground for Your Components",
  "Guess a date's format",
  "MIDI.js - Sequencing in Javascript",
  "Next.js Tips collection",
  "Perf Track - see how popular frameworks are used across the web",
  "[OC] Interactive Timeline Map Showing Cumulative COVID-19 Cases For U.S Counties. Includes Cases Per Square Mile and Cases Per Capita (100,000)",
  "I just created r/WebExtensions because I couldn't find anywhere specific regarding browser web extension development!",
  "Implementing a Call Stack in a 16-Bit Virtual Machine written in JavaScript",
  "Scaling Web Sockets using Shared Workers",
  "It’s not wrong that \\"🤦🏼‍♂️\\".length == 7",
  "Uppy file uploader launches image cropping (beta)",
  "The traversal order of object properties in ES6",
  "0 dependency dev server, supporting live reloading and single page apps.",
  "JS13k Results Are Out! (13k JavaScript Game Jam)",
  "GraphQL playground with TypeScript, TypeORM, codegen and many other goodies",
  "Why Svelte is our choice for a large web project in 2020",
  "A discussion about cancellation and promises with some first-hand prospectives, might be interesting to those who track TC39's \\"ECMAScript Cancellation\\" proposal and live in both JavaScript and .NET ecosystems.",
  "Announcing TypeScript 3.9",
  "What's new in ECMAScript 2020 (ES2020)",
  "New Redux docs \\"Style Guide\\" page: recommended patterns and best practices for using Redux",
  "uPlot.js v1.0 – A fast, small chart for time series, OHLC and bars",
  "Vue 3 – A roundup of infos about the new version of Vue.js",
  "GameDev Challenge in JS/WASM (size limit 64KB + additional constrains)",
  "I made open source cross platform snippets manager for developers",
  "WebRTC JavaScript Library for Audio+Video+Screen+Canvas Recording",
  "Streams for Reactive Programming",
  "Announcing Visual Studio Online Public Preview | Visual Studio Blog",
  "The first release of the official Redux+TypeScript template for Create-React-App",
  "Showcase GitHub repositories on your website",
  "[AskJS] How are you deploying your front-end + node apps?",
  "JS syntactic quirks, from the perspective on implementing a parser. A really interesting and insightful read.",
  "New MDJS Markup Language Adds JavaScript to Markdown for Interactive Documentation",
  "Why you should use generic types in TypeScript, a simple example",
  "How to move your project to TypeScript - at your own pace",
  "How to build a blog with Gatsby.js in a few easy steps",
  "I made the same web app in Gatsby and Next.js and found Gatsby performed better",
  "Liquidfun.js (Wasm/Box2D), Three.js and the water sliding penguins [tutorial]",
  "How to create snowfall animation using css and JavaScript",
  "Records &amp; Tuples proposal has now advanced stage 2!",
  "Bring some structure to your file and directory names with ls-lint",
  "Most common JavaScript vulnerabilities and how to fix them",
  "Monitoring Node.js: Watch Your Event Loop Lag!",
  "Things I learned while implementing Bubble sort animation using CSS and JavaScript",
  "Vime - media player library that gives you complete control. The final bundle is Vanilla JS (compiled with Svelte).",
  "Announcing TypeScript 3.8 RC",
  "Storybook 5.3 just shipped – MDX support for design systems + integrations with your design tools",
  "react-spring - bring your components to life with simple spring animation primitives",
  "LinkedIn Login using Node JS and passport",
  "How I ported a US counties map made in D3 to the GPU using Three.js [OC]",
  "Generating billions of UUIDs in the browser",
]
`;
